ARM Linker, 4.1 [Build 561] [Professional]

==============================================================================

Section Cross References

    startup_stm32f10x_hd.o(STACK) refers (Special) to heapauxi.o(.text) for __use_two_region_memory
    startup_stm32f10x_hd.o(HEAP) refers (Special) to heapauxi.o(.text) for __use_two_region_memory
    startup_stm32f10x_hd.o(RESET) refers (Special) to heapauxi.o(.text) for __use_two_region_memory
    startup_stm32f10x_hd.o(RESET) refers to startup_stm32f10x_hd.o(.text) for Reset_Handler
    startup_stm32f10x_hd.o(RESET) refers to stm32f10x_it.o(.text) for NMI_Handler
    startup_stm32f10x_hd.o(RESET) refers to uart.o(.text) for USART1_IRQHandler
    startup_stm32f10x_hd.o(.text) refers (Special) to heapauxi.o(.text) for __use_two_region_memory
    startup_stm32f10x_hd.o(.text) refers to startup_stm32f10x_hd.o(STACK) for __initial_sp
    startup_stm32f10x_hd.o(.text) refers to __main.o(!!!main) for __main
    startup_stm32f10x_hd.o(.text) refers to startup_stm32f10x_hd.o(HEAP) for Heap_Mem
    main.o(.text) refers to stm32f10x_rcc.o(.text) for RCC_APB2PeriphClockCmd
    main.o(.text) refers to uart.o(.text) for UART_Init
    main.o(.text) refers to leddriver.o(.text) for LedInit
    main.o(.text) refers to stm32f10x_flash.o(.text) for FLASH_PrefetchBufferCmd
    gt23l16u2w.o(.text) refers to stm32f10x_gpio.o(.text) for GPIO_Init
    gt23l16u2w.o(.text) refers to gt23l16u2w.o(.data) for ZFTABLE
    sst25vf040b.o(.text) refers to stm32f10x_gpio.o(.text) for GPIO_Init
    uart.o(.text) refers to stm32f10x_gpio.o(.text) for GPIO_Init
    uart.o(.text) refers to misc.o(.text) for NVIC_PriorityGroupConfig
    uart.o(.text) refers to stm32f10x_usart.o(.text) for USART_Init
    uart.o(.text) refers to ds1302.o(.text) for gottime
    uart.o(.text) refers to uart.o(.data) for flag_WORK
    uart.o(.text) refers to uart.o(.bss) for R_Buffer
    uart.o(.text) refers to sst25vf040b.o(.text) for Write_Flash
    uart.o(.text) refers to leddriver.o(.text) for LED_ONOFF
    ds1302.o(.text) refers to stm32f10x_gpio.o(.text) for GPIO_Init
    leddriver.o(.text) refers to rt_memclr.o(.text) for __aeabi_memclr
    leddriver.o(.text) refers to stm32f10x_rcc.o(.text) for RCC_APB2PeriphClockCmd
    leddriver.o(.text) refers to stm32f10x_gpio.o(.text) for GPIO_Init
    leddriver.o(.text) refers to gt23l16u2w.o(.text) for GT32_Init
    leddriver.o(.text) refers to sst25vf040b.o(.text) for Flash_Init
    leddriver.o(.text) refers to ds1302.o(.text) for DS1302_Init
    leddriver.o(.text) refers to leddriver.o(.bss) for LedBuffer
    stm32f10x_adc.o(.text) refers to stm32f10x_rcc.o(.text) for RCC_APB2PeriphResetCmd
    stm32f10x_bkp.o(.text) refers to stm32f10x_rcc.o(.text) for RCC_BackupResetCmd
    stm32f10x_can.o(.text) refers to stm32f10x_rcc.o(.text) for RCC_APB1PeriphResetCmd
    stm32f10x_cec.o(.text) refers to stm32f10x_rcc.o(.text) for RCC_APB1PeriphResetCmd
    stm32f10x_dac.o(.text) refers to stm32f10x_rcc.o(.text) for RCC_APB1PeriphResetCmd
    stm32f10x_gpio.o(.text) refers to stm32f10x_rcc.o(.text) for RCC_APB2PeriphResetCmd
    stm32f10x_i2c.o(.text) refers to stm32f10x_rcc.o(.text) for RCC_APB1PeriphResetCmd
    stm32f10x_pwr.o(.text) refers to stm32f10x_rcc.o(.text) for RCC_APB1PeriphResetCmd
    stm32f10x_rcc.o(.text) refers to stm32f10x_rcc.o(.data) for APBAHBPrescTable
    stm32f10x_spi.o(.text) refers to stm32f10x_rcc.o(.text) for RCC_APB2PeriphResetCmd
    stm32f10x_tim.o(.text) refers to stm32f10x_rcc.o(.text) for RCC_APB2PeriphResetCmd
    stm32f10x_usart.o(.text) refers to stm32f10x_rcc.o(.text) for RCC_APB2PeriphResetCmd
    stm32f10x_wwdg.o(.text) refers to stm32f10x_rcc.o(.text) for RCC_APB1PeriphResetCmd
    rt_memclr.o(.text) refers to rt_memclr_w.o(.text) for _memset_w
    __main.o(!!!main) refers to rtentry.o(.ARM.Collect$$rtentry$$00000000) for __rt_entry
    rtentry.o(.ARM.Collect$$rtentry$$00000000) refers (Special) to rtentry2.o(.ARM.Collect$$rtentry$$0000000A) for __rt_entry_li
    rtentry.o(.ARM.Collect$$rtentry$$00000000) refers (Special) to rtentry2.o(.ARM.Collect$$rtentry$$0000000D) for __rt_entry_main
    rtentry.o(.ARM.Collect$$rtentry$$00000000) refers (Special) to rtentry2.o(.ARM.Collect$$rtentry$$0000000C) for __rt_entry_postli_1
    rtentry.o(.ARM.Collect$$rtentry$$00000000) refers (Special) to rtentry2.o(.ARM.Collect$$rtentry$$00000009) for __rt_entry_postsh_1
    rtentry.o(.ARM.Collect$$rtentry$$00000000) refers (Special) to rtentry2.o(.ARM.Collect$$rtentry$$00000002) for __rt_entry_presh_1
    rtentry.o(.ARM.Collect$$rtentry$$00000000) refers (Special) to rtentry4.o(.ARM.Collect$$rtentry$$00000004) for __rt_entry_sh
    rtentry.o(.ARM.exidx) refers (Special) to rtentry2.o(.ARM.Collect$$rtentry$$0000000A) for __rt_entry_li
    rtentry.o(.ARM.exidx) refers (Special) to rtentry2.o(.ARM.Collect$$rtentry$$0000000D) for __rt_entry_main
    rtentry.o(.ARM.exidx) refers (Special) to rtentry2.o(.ARM.Collect$$rtentry$$0000000C) for __rt_entry_postli_1
    rtentry.o(.ARM.exidx) refers (Special) to rtentry2.o(.ARM.Collect$$rtentry$$00000009) for __rt_entry_postsh_1
    rtentry.o(.ARM.exidx) refers (Special) to rtentry2.o(.ARM.Collect$$rtentry$$00000002) for __rt_entry_presh_1
    rtentry.o(.ARM.exidx) refers (Special) to rtentry4.o(.ARM.Collect$$rtentry$$00000004) for __rt_entry_sh
    rtentry.o(.ARM.exidx) refers to rtentry.o(.ARM.Collect$$rtentry$$00000000) for .ARM.Collect$$rtentry$$00000000
    rtentry2.o(.ARM.Collect$$rtentry$$00000008) refers to boardinit2.o(.text) for _platform_post_stackheap_init
    rtentry2.o(.ARM.Collect$$rtentry$$0000000A) refers to libinit.o(.ARM.Collect$$libinit$$00000000) for __rt_lib_init
    rtentry2.o(.ARM.Collect$$rtentry$$0000000B) refers to boardinit3.o(.text) for _platform_post_lib_init
    rtentry2.o(.ARM.Collect$$rtentry$$0000000D) refers to main.o(.text) for main
    rtentry2.o(.ARM.Collect$$rtentry$$0000000D) refers to exit.o(.text) for exit
    rtentry2.o(.ARM.exidx) refers to rtentry2.o(.ARM.Collect$$rtentry$$00000001) for .ARM.Collect$$rtentry$$00000001
    rtentry2.o(.ARM.exidx) refers to rtentry2.o(.ARM.Collect$$rtentry$$00000002) for .ARM.Collect$$rtentry$$00000002
    rtentry2.o(.ARM.exidx) refers to rtentry2.o(.ARM.Collect$$rtentry$$00000008) for .ARM.Collect$$rtentry$$00000008
    rtentry2.o(.ARM.exidx) refers to rtentry2.o(.ARM.Collect$$rtentry$$00000009) for .ARM.Collect$$rtentry$$00000009
    rtentry2.o(.ARM.exidx) refers to rtentry2.o(.ARM.Collect$$rtentry$$0000000A) for .ARM.Collect$$rtentry$$0000000A
    rtentry2.o(.ARM.exidx) refers to rtentry2.o(.ARM.Collect$$rtentry$$0000000B) for .ARM.Collect$$rtentry$$0000000B
    rtentry2.o(.ARM.exidx) refers to rtentry2.o(.ARM.Collect$$rtentry$$0000000C) for .ARM.Collect$$rtentry$$0000000C
    rtentry2.o(.ARM.exidx) refers to rtentry2.o(.ARM.Collect$$rtentry$$0000000D) for .ARM.Collect$$rtentry$$0000000D
    rtentry4.o(.ARM.Collect$$rtentry$$00000004) refers to sys_stackheap_outer.o(.text) for __user_setup_stackheap
    rtentry4.o(.ARM.exidx) refers to rtentry4.o(.ARM.Collect$$rtentry$$00000004) for .ARM.Collect$$rtentry$$00000004
    sys_stackheap_outer.o(.text) refers to libspace.o(.text) for __user_perproc_libspace
    sys_stackheap_outer.o(.text) refers to startup_stm32f10x_hd.o(.text) for __user_initial_stackheap
    exit.o(.text) refers to rtexit.o(.ARM.Collect$$rtexit$$00000000) for __rt_exit
    libinit.o(.ARM.Collect$$libinit$$00000000) refers (Special) to libinit2.o(.ARM.Collect$$libinit$$0000002A) for __rt_lib_init_alloca_1
    libinit.o(.ARM.Collect$$libinit$$00000000) refers (Special) to libinit2.o(.ARM.Collect$$libinit$$00000028) for __rt_lib_init_argv_1
    libinit.o(.ARM.Collect$$libinit$$00000000) refers (Special) to libinit2.o(.ARM.Collect$$libinit$$00000017) for __rt_lib_init_atexit_1
    libinit.o(.ARM.Collect$$libinit$$00000000) refers (Special) to libinit2.o(.ARM.Collect$$libinit$$0000001D) for __rt_lib_init_clock_1
    libinit.o(.ARM.Collect$$libinit$$00000000) refers (Special) to libinit2.o(.ARM.Collect$$libinit$$0000002E) for __rt_lib_init_cpp_1
    libinit.o(.ARM.Collect$$libinit$$00000000) refers (Special) to libinit2.o(.ARM.Collect$$libinit$$0000002C) for __rt_lib_init_exceptions_1
    libinit.o(.ARM.Collect$$libinit$$00000000) refers (Special) to libinit2.o(.ARM.Collect$$libinit$$0000001B) for __rt_lib_init_fp_trap_1
    libinit.o(.ARM.Collect$$libinit$$00000000) refers (Special) to libinit2.o(.ARM.Collect$$libinit$$0000001F) for __rt_lib_init_getenv_1
    libinit.o(.ARM.Collect$$libinit$$00000000) refers (Special) to libinit2.o(.ARM.Collect$$libinit$$00000006) for __rt_lib_init_heap_1
    libinit.o(.ARM.Collect$$libinit$$00000000) refers (Special) to libinit2.o(.ARM.Collect$$libinit$$0000000D) for __rt_lib_init_lc_collate_1
    libinit.o(.ARM.Collect$$libinit$$00000000) refers (Special) to libinit2.o(.ARM.Collect$$libinit$$0000000F) for __rt_lib_init_lc_ctype_1
    libinit.o(.ARM.Collect$$libinit$$00000000) refers (Special) to libinit2.o(.ARM.Collect$$libinit$$00000011) for __rt_lib_init_lc_monetary_1
    libinit.o(.ARM.Collect$$libinit$$00000000) refers (Special) to libinit2.o(.ARM.Collect$$libinit$$00000013) for __rt_lib_init_lc_numeric_1
    libinit.o(.ARM.Collect$$libinit$$00000000) refers (Special) to libinit2.o(.ARM.Collect$$libinit$$00000015) for __rt_lib_init_lc_time_1
    libinit.o(.ARM.Collect$$libinit$$00000000) refers (Special) to libinit2.o(.ARM.Collect$$libinit$$0000000A) for __rt_lib_init_rand_1
    libinit.o(.ARM.Collect$$libinit$$00000000) refers (Special) to libinit2.o(.ARM.Collect$$libinit$$0000002F) for __rt_lib_init_return
    libinit.o(.ARM.Collect$$libinit$$00000000) refers (Special) to libinit2.o(.ARM.Collect$$libinit$$00000019) for __rt_lib_init_signal_1
    libinit.o(.ARM.Collect$$libinit$$00000000) refers (Special) to libinit2.o(.ARM.Collect$$libinit$$00000021) for __rt_lib_init_stdio_1
    libinit.o(.ARM.Collect$$libinit$$00000000) refers (Special) to libinit2.o(.ARM.Collect$$libinit$$00000008) for __rt_lib_init_user_alloc_1
    libinit.o(.ARM.Collect$$libinit$$00000000) refers to fpinit.o(x$fpl$fpinit) for _fp_init
    libspace.o(.text) refers to libspace.o(.bss) for __libspace_start
    rtexit.o(.ARM.Collect$$rtexit$$00000000) refers (Special) to rtexit2.o(.ARM.Collect$$rtexit$$00000004) for __rt_exit_exit
    rtexit.o(.ARM.Collect$$rtexit$$00000000) refers (Special) to rtexit2.o(.ARM.Collect$$rtexit$$00000003) for __rt_exit_ls
    rtexit.o(.ARM.Collect$$rtexit$$00000000) refers (Special) to rtexit2.o(.ARM.Collect$$rtexit$$00000002) for __rt_exit_prels_1
    rtexit.o(.ARM.exidx) refers (Special) to rtexit2.o(.ARM.Collect$$rtexit$$00000004) for __rt_exit_exit
    rtexit.o(.ARM.exidx) refers (Special) to rtexit2.o(.ARM.Collect$$rtexit$$00000003) for __rt_exit_ls
    rtexit.o(.ARM.exidx) refers (Special) to rtexit2.o(.ARM.Collect$$rtexit$$00000002) for __rt_exit_prels_1
    rtexit.o(.ARM.exidx) refers to rtexit.o(.ARM.Collect$$rtexit$$00000000) for .ARM.Collect$$rtexit$$00000000
    libinit2.o(.ARM.Collect$$libinit$$0000000C) refers to libinit2.o(.ARM.Collect$$libinit$$0000000B) for .ARM.Collect$$libinit$$0000000B
    libinit2.o(.ARM.Collect$$libinit$$0000000E) refers to libinit2.o(.ARM.Collect$$libinit$$0000000B) for .ARM.Collect$$libinit$$0000000B
    libinit2.o(.ARM.Collect$$libinit$$00000010) refers to libinit2.o(.ARM.Collect$$libinit$$0000000B) for .ARM.Collect$$libinit$$0000000B
    libinit2.o(.ARM.Collect$$libinit$$00000012) refers to libinit2.o(.ARM.Collect$$libinit$$0000000B) for .ARM.Collect$$libinit$$0000000B
    libinit2.o(.ARM.Collect$$libinit$$00000014) refers to libinit2.o(.ARM.Collect$$libinit$$0000000B) for .ARM.Collect$$libinit$$0000000B
    libinit2.o(.ARM.Collect$$libinit$$00000022) refers to argv_veneer.o(.emb_text) for __ARM_argv_veneer
    libinit2.o(.ARM.Collect$$libinit$$00000023) refers to argv_veneer.o(.emb_text) for __ARM_argv_veneer
    fpinit.o(x$fpl$fpinit) refers to rt_fp_status_addr_intlibspace.o(.text) for __rt_fp_status_addr
    rtexit2.o(.ARM.Collect$$rtexit$$00000003) refers to libshutdown.o(.ARM.Collect$$libshutdown$$00000000) for __rt_lib_shutdown
    rtexit2.o(.ARM.Collect$$rtexit$$00000004) refers to sys_exit.o(.text) for _sys_exit
    rtexit2.o(.ARM.exidx) refers to rtexit2.o(.ARM.Collect$$rtexit$$00000001) for .ARM.Collect$$rtexit$$00000001
    rtexit2.o(.ARM.exidx) refers to rtexit2.o(.ARM.Collect$$rtexit$$00000002) for .ARM.Collect$$rtexit$$00000002
    rtexit2.o(.ARM.exidx) refers to rtexit2.o(.ARM.Collect$$rtexit$$00000003) for .ARM.Collect$$rtexit$$00000003
    rtexit2.o(.ARM.exidx) refers to rtexit2.o(.ARM.Collect$$rtexit$$00000004) for .ARM.Collect$$rtexit$$00000004
    rt_fp_status_addr.o(.text) refers to rt_fp_status_addr.o(.bss) for __rt_fp_status_addr_data
    rt_fp_status_addr_intlibspace.o(.text) refers to libspace.o(.bss) for __libspace_start
    argv_veneer.o(.emb_text) refers to no_argv.o(.text) for __ARM_get_argv
    sys_exit.o(.text) refers (Special) to use_no_semi.o(.text) for __I$use$semihosting
    _get_argv_nomalloc.o(.text) refers (Special) to hrguard.o(.text) for __heap_region$guard
    _get_argv_nomalloc.o(.text) refers to defsig_rtmem_outer.o(.text) for __rt_SIGRTMEM
    _get_argv_nomalloc.o(.text) refers to sys_command.o(.text) for _sys_command_string
    libshutdown.o(.ARM.Collect$$libshutdown$$00000000) refers (Special) to libshutdown2.o(.ARM.Collect$$libshutdown$$00000006) for __rt_lib_shutdown_fp_trap_1
    libshutdown.o(.ARM.Collect$$libshutdown$$00000000) refers (Special) to libshutdown2.o(.ARM.Collect$$libshutdown$$0000000E) for __rt_lib_shutdown_heap_1
    libshutdown.o(.ARM.Collect$$libshutdown$$00000000) refers (Special) to libshutdown2.o(.ARM.Collect$$libshutdown$$0000000F) for __rt_lib_shutdown_return
    libshutdown.o(.ARM.Collect$$libshutdown$$00000000) refers (Special) to libshutdown2.o(.ARM.Collect$$libshutdown$$00000009) for __rt_lib_shutdown_signal_1
    libshutdown.o(.ARM.Collect$$libshutdown$$00000000) refers (Special) to libshutdown2.o(.ARM.Collect$$libshutdown$$00000003) for __rt_lib_shutdown_stdio_1
    libshutdown.o(.ARM.Collect$$libshutdown$$00000000) refers (Special) to libshutdown2.o(.ARM.Collect$$libshutdown$$0000000B) for __rt_lib_shutdown_user_alloc_1
    sys_command.o(.text) refers (Special) to use_no_semi.o(.text) for __I$use$semihosting
    defsig_rtmem_outer.o(.text) refers to defsig_rtmem_inner.o(.text) for __rt_SIGRTMEM_inner
    defsig_rtmem_outer.o(.text) refers to defsig_exit.o(.text) for __sig_exit
    defsig_rtmem_formal.o(.text) refers to rt_raise.o(.text) for __rt_raise
    rt_raise.o(.text) refers to __raise.o(.text) for __raise
    rt_raise.o(.text) refers to sys_exit.o(.text) for _sys_exit
    defsig_exit.o(.text) refers to sys_exit.o(.text) for _sys_exit
    defsig_rtmem_inner.o(.text) refers to defsig_general.o(.text) for __default_signal_display
    __raise.o(.text) refers to defsig.o(CL$$defsig) for __default_signal_handler
    defsig_general.o(.text) refers to sys_wrch.o(.text) for _ttywrch
    sys_wrch.o(.text) refers (Special) to use_no_semi.o(.text) for __I$use$semihosting
    defsig.o(CL$$defsig) refers to defsig_rtmem_inner.o(.text) for __rt_SIGRTMEM_inner
    defsig_abrt_inner.o(.text) refers to defsig_general.o(.text) for __default_signal_display
    defsig_fpe_inner.o(.text) refers to defsig_general.o(.text) for __default_signal_display
    defsig_rtred_inner.o(.text) refers to defsig_general.o(.text) for __default_signal_display
    defsig_stak_inner.o(.text) refers to defsig_general.o(.text) for __default_signal_display
    defsig_pvfn_inner.o(.text) refers to defsig_general.o(.text) for __default_signal_display
    defsig_cppl_inner.o(.text) refers to defsig_general.o(.text) for __default_signal_display
    defsig_segv_inner.o(.text) refers to defsig_general.o(.text) for __default_signal_display
    defsig_other.o(.text) refers to defsig_general.o(.text) for __default_signal_display


==============================================================================

Removing Unused input sections from the image.

    Removing core_cm3.o(.emb_text), (32 bytes).
    Removing stm32f10x_adc.o(.text), (1088 bytes).
    Removing stm32f10x_bkp.o(.text), (196 bytes).
    Removing stm32f10x_can.o(.text), (2248 bytes).
    Removing stm32f10x_cec.o(.text), (312 bytes).
    Removing stm32f10x_crc.o(.text), (72 bytes).
    Removing stm32f10x_dac.o(.text), (424 bytes).
    Removing stm32f10x_dbgmcu.o(.text), (48 bytes).
    Removing stm32f10x_dma.o(.text), (584 bytes).
    Removing stm32f10x_exti.o(.text), (316 bytes).
    Removing stm32f10x_fsmc.o(.text), (1560 bytes).
    Removing stm32f10x_i2c.o(.text), (980 bytes).
    Removing stm32f10x_iwdg.o(.text), (64 bytes).
    Removing stm32f10x_pwr.o(.text), (216 bytes).
    Removing stm32f10x_rtc.o(.text), (376 bytes).
    Removing stm32f10x_sdio.o(.text), (472 bytes).
    Removing stm32f10x_spi.o(.text), (784 bytes).
    Removing stm32f10x_tim.o(.text), (3502 bytes).
    Removing stm32f10x_wwdg.o(.text), (136 bytes).

19 unused section(s) (total 13410 bytes) removed from the image.

==============================================================================

Image Symbol Table

    Local Symbols

    Symbol Name                              Value     Ov Type        Size  Object(Section)

    ../../angel/boardlib.s                   0x00000000   Number         0  boardinit1.o ABSOLUTE
    ../../angel/boardlib.s                   0x00000000   Number         0  boardshut.o ABSOLUTE
    ../../angel/boardlib.s                   0x00000000   Number         0  boardinit3.o ABSOLUTE
    ../../angel/boardlib.s                   0x00000000   Number         0  boardinit2.o ABSOLUTE
    ../../angel/dczerorl2.s                  0x00000000   Number         0  __dczerorl2.o ABSOLUTE
    ../../angel/handlers.s                   0x00000000   Number         0  __scatter_zi.o ABSOLUTE
    ../../angel/kernel.s                     0x00000000   Number         0  rtentry.o ABSOLUTE
    ../../angel/kernel.s                     0x00000000   Number         0  rtentry2.o ABSOLUTE
    ../../angel/kernel.s                     0x00000000   Number         0  rtexit2.o ABSOLUTE
    ../../angel/kernel.s                     0x00000000   Number         0  rtentry4.o ABSOLUTE
    ../../angel/kernel.s                     0x00000000   Number         0  rtexit.o ABSOLUTE
    ../../angel/rt.s                         0x00000000   Number         0  rt_raise.o ABSOLUTE
    ../../angel/rt.s                         0x00000000   Number         0  rt_fp_status_addr_intlibspace.o ABSOLUTE
    ../../angel/rt.s                         0x00000000   Number         0  rt_fp_status_addr.o ABSOLUTE
    ../../angel/scatter.s                    0x00000000   Number         0  __scatter.o ABSOLUTE
    ../../angel/startup.s                    0x00000000   Number         0  __main.o ABSOLUTE
    ../../angel/sys.s                        0x00000000   Number         0  use_no_semi.o ABSOLUTE
    ../../angel/sys.s                        0x00000000   Number         0  sys_stackheap_outer.o ABSOLUTE
    ../../angel/sys.s                        0x00000000   Number         0  libspace.o ABSOLUTE
    ../../angel/sysapp.c                     0x00000000   Number         0  sys_wrch.o ABSOLUTE
    ../../angel/sysapp.c                     0x00000000   Number         0  sys_command.o ABSOLUTE
    ../../angel/sysapp.c                     0x00000000   Number         0  sys_exit.o ABSOLUTE
    ../../armsys.c                           0x00000000   Number         0  no_argv.o ABSOLUTE
    ../../armsys.c                           0x00000000   Number         0  _get_argv_nomalloc.o ABSOLUTE
    ../../armsys.c                           0x00000000   Number         0  argv_veneer.o ABSOLUTE
    ../../armsys.c                           0x00000000   Number         0  argv_veneer.o ABSOLUTE
    ../../fpinit.s                           0x00000000   Number         0  fpinit.o ABSOLUTE
    ../../heapalloc.c                        0x00000000   Number         0  hrguard.o ABSOLUTE
    ../../heapaux.c                          0x00000000   Number         0  heapauxi.o ABSOLUTE
    ../../libinit.s                          0x00000000   Number         0  libinit.o ABSOLUTE
    ../../libinit.s                          0x00000000   Number         0  libshutdown2.o ABSOLUTE
    ../../libinit.s                          0x00000000   Number         0  libinit2.o ABSOLUTE
    ../../libinit.s                          0x00000000   Number         0  libshutdown.o ABSOLUTE
    ../../memcpset.s                         0x00000000   Number         0  rt_memclr.o ABSOLUTE
    ../../memcpset.s                         0x00000000   Number         0  rt_memclr_w.o ABSOLUTE
    ../../signal.c                           0x00000000   Number         0  defsig_rtred_inner.o ABSOLUTE
    ../../signal.c                           0x00000000   Number         0  defsig_fpe_inner.o ABSOLUTE
    ../../signal.c                           0x00000000   Number         0  defsig_abrt_inner.o ABSOLUTE
    ../../signal.c                           0x00000000   Number         0  defsig_segv_inner.o ABSOLUTE
    ../../signal.c                           0x00000000   Number         0  __raise.o ABSOLUTE
    ../../signal.c                           0x00000000   Number         0  defsig_rtmem_inner.o ABSOLUTE
    ../../signal.c                           0x00000000   Number         0  defsig_exit.o ABSOLUTE
    ../../signal.c                           0x00000000   Number         0  defsig_rtmem_formal.o ABSOLUTE
    ../../signal.c                           0x00000000   Number         0  defsig_general.o ABSOLUTE
    ../../signal.c                           0x00000000   Number         0  defsig_rtmem_outer.o ABSOLUTE
    ../../signal.c                           0x00000000   Number         0  defsig_other.o ABSOLUTE
    ../../signal.c                           0x00000000   Number         0  defsig_cppl_inner.o ABSOLUTE
    ../../signal.c                           0x00000000   Number         0  defsig_pvfn_inner.o ABSOLUTE
    ../../signal.c                           0x00000000   Number         0  defsig_stak_inner.o ABSOLUTE
    ../../signal.s                           0x00000000   Number         0  defsig.o ABSOLUTE
    ../../stdlib.c                           0x00000000   Number         0  exit.o ABSOLUTE
    Libraries\CMSIS\Core\CM3\core_cm3.c      0x00000000   Number         0  core_cm3.o ABSOLUTE
    Libraries\STM32F10x_StdPeriph_Driver\src\misc.c 0x00000000   Number         0  misc.o ABSOLUTE
    Libraries\STM32F10x_StdPeriph_Driver\src\stm32f10x_adc.c 0x00000000   Number         0  stm32f10x_adc.o ABSOLUTE
    Libraries\STM32F10x_StdPeriph_Driver\src\stm32f10x_bkp.c 0x00000000   Number         0  stm32f10x_bkp.o ABSOLUTE
    Libraries\STM32F10x_StdPeriph_Driver\src\stm32f10x_can.c 0x00000000   Number         0  stm32f10x_can.o ABSOLUTE
    Libraries\STM32F10x_StdPeriph_Driver\src\stm32f10x_cec.c 0x00000000   Number         0  stm32f10x_cec.o ABSOLUTE
    Libraries\STM32F10x_StdPeriph_Driver\src\stm32f10x_crc.c 0x00000000   Number         0  stm32f10x_crc.o ABSOLUTE
    Libraries\STM32F10x_StdPeriph_Driver\src\stm32f10x_dac.c 0x00000000   Number         0  stm32f10x_dac.o ABSOLUTE
    Libraries\STM32F10x_StdPeriph_Driver\src\stm32f10x_dbgmcu.c 0x00000000   Number         0  stm32f10x_dbgmcu.o ABSOLUTE
    Libraries\STM32F10x_StdPeriph_Driver\src\stm32f10x_dma.c 0x00000000   Number         0  stm32f10x_dma.o ABSOLUTE
    Libraries\STM32F10x_StdPeriph_Driver\src\stm32f10x_exti.c 0x00000000   Number         0  stm32f10x_exti.o ABSOLUTE
    Libraries\STM32F10x_StdPeriph_Driver\src\stm32f10x_flash.c 0x00000000   Number         0  stm32f10x_flash.o ABSOLUTE
    Libraries\STM32F10x_StdPeriph_Driver\src\stm32f10x_fsmc.c 0x00000000   Number         0  stm32f10x_fsmc.o ABSOLUTE
    Libraries\STM32F10x_StdPeriph_Driver\src\stm32f10x_gpio.c 0x00000000   Number         0  stm32f10x_gpio.o ABSOLUTE
    Libraries\STM32F10x_StdPeriph_Driver\src\stm32f10x_i2c.c 0x00000000   Number         0  stm32f10x_i2c.o ABSOLUTE
    Libraries\STM32F10x_StdPeriph_Driver\src\stm32f10x_iwdg.c 0x00000000   Number         0  stm32f10x_iwdg.o ABSOLUTE
    Libraries\STM32F10x_StdPeriph_Driver\src\stm32f10x_pwr.c 0x00000000   Number         0  stm32f10x_pwr.o ABSOLUTE
    Libraries\STM32F10x_StdPeriph_Driver\src\stm32f10x_rcc.c 0x00000000   Number         0  stm32f10x_rcc.o ABSOLUTE
    Libraries\STM32F10x_StdPeriph_Driver\src\stm32f10x_rtc.c 0x00000000   Number         0  stm32f10x_rtc.o ABSOLUTE
    Libraries\STM32F10x_StdPeriph_Driver\src\stm32f10x_sdio.c 0x00000000   Number         0  stm32f10x_sdio.o ABSOLUTE
    Libraries\STM32F10x_StdPeriph_Driver\src\stm32f10x_spi.c 0x00000000   Number         0  stm32f10x_spi.o ABSOLUTE
    Libraries\STM32F10x_StdPeriph_Driver\src\stm32f10x_tim.c 0x00000000   Number         0  stm32f10x_tim.o ABSOLUTE
    Libraries\STM32F10x_StdPeriph_Driver\src\stm32f10x_usart.c 0x00000000   Number         0  stm32f10x_usart.o ABSOLUTE
    Libraries\STM32F10x_StdPeriph_Driver\src\stm32f10x_wwdg.c 0x00000000   Number         0  stm32f10x_wwdg.o ABSOLUTE
    Libraries\\CMSIS\\Core\\CM3\\core_cm3.c  0x00000000   Number         0  core_cm3.o ABSOLUTE
    Startup\startup_stm32f10x_hd.s           0x00000000   Number         0  startup_stm32f10x_hd.o ABSOLUTE
    User\src\DS1302.c                        0x00000000   Number         0  ds1302.o ABSOLUTE
    User\src\GT23L16U2W.c                    0x00000000   Number         0  gt23l16u2w.o ABSOLUTE
    User\src\LedDriver.c                     0x00000000   Number         0  leddriver.o ABSOLUTE
    User\src\SST25VF040B.c                   0x00000000   Number         0  sst25vf040b.o ABSOLUTE
    User\src\UART.c                          0x00000000   Number         0  uart.o ABSOLUTE
    User\src\main.c                          0x00000000   Number         0  main.o ABSOLUTE
    User\src\stm32f10x_it.c                  0x00000000   Number         0  stm32f10x_it.o ABSOLUTE
    dc.s                                     0x00000000   Number         0  dc.o ABSOLUTE
    RESET                                    0x08000000   Section      304  startup_stm32f10x_hd.o(RESET)
    !!!main                                  0x08000130   Section        8  __main.o(!!!main)
    !!!scatter                               0x08000138   Section       52  __scatter.o(!!!scatter)
    !!dczerorl2                              0x0800016c   Section       90  __dczerorl2.o(!!dczerorl2)
    !!handler_zi                             0x080001c8   Section       28  __scatter_zi.o(!!handler_zi)
    .ARM.Collect$$libinit$$00000000          0x080001e4   Section        6  libinit.o(.ARM.Collect$$libinit$$00000000)
    .ARM.Collect$$libinit$$00000006          0x080001ea   Section        0  libinit2.o(.ARM.Collect$$libinit$$00000006)
    .ARM.Collect$$libinit$$00000008          0x080001ea   Section        0  libinit2.o(.ARM.Collect$$libinit$$00000008)
    .ARM.Collect$$libinit$$0000000A          0x080001ea   Section        0  libinit2.o(.ARM.Collect$$libinit$$0000000A)
    .ARM.Collect$$libinit$$0000000D          0x080001ea   Section        0  libinit2.o(.ARM.Collect$$libinit$$0000000D)
    .ARM.Collect$$libinit$$0000000F          0x080001ea   Section        0  libinit2.o(.ARM.Collect$$libinit$$0000000F)
    .ARM.Collect$$libinit$$00000011          0x080001ea   Section        0  libinit2.o(.ARM.Collect$$libinit$$00000011)
    .ARM.Collect$$libinit$$00000013          0x080001ea   Section        0  libinit2.o(.ARM.Collect$$libinit$$00000013)
    .ARM.Collect$$libinit$$00000015          0x080001ea   Section        0  libinit2.o(.ARM.Collect$$libinit$$00000015)
    .ARM.Collect$$libinit$$00000017          0x080001ea   Section        0  libinit2.o(.ARM.Collect$$libinit$$00000017)
    .ARM.Collect$$libinit$$00000019          0x080001ea   Section        0  libinit2.o(.ARM.Collect$$libinit$$00000019)
    .ARM.Collect$$libinit$$0000001B          0x080001ea   Section        0  libinit2.o(.ARM.Collect$$libinit$$0000001B)
    .ARM.Collect$$libinit$$0000001D          0x080001ea   Section        0  libinit2.o(.ARM.Collect$$libinit$$0000001D)
    .ARM.Collect$$libinit$$0000001F          0x080001ea   Section        0  libinit2.o(.ARM.Collect$$libinit$$0000001F)
    .ARM.Collect$$libinit$$00000021          0x080001ea   Section        0  libinit2.o(.ARM.Collect$$libinit$$00000021)
    .ARM.Collect$$libinit$$00000028          0x080001ea   Section        0  libinit2.o(.ARM.Collect$$libinit$$00000028)
    .ARM.Collect$$libinit$$0000002A          0x080001ea   Section        0  libinit2.o(.ARM.Collect$$libinit$$0000002A)
    .ARM.Collect$$libinit$$0000002C          0x080001ea   Section        0  libinit2.o(.ARM.Collect$$libinit$$0000002C)
    .ARM.Collect$$libinit$$0000002E          0x080001ea   Section        0  libinit2.o(.ARM.Collect$$libinit$$0000002E)
    .ARM.Collect$$libinit$$0000002F          0x080001ea   Section        2  libinit2.o(.ARM.Collect$$libinit$$0000002F)
    .ARM.Collect$$libshutdown$$00000000      0x080001ec   Section        2  libshutdown.o(.ARM.Collect$$libshutdown$$00000000)
    .ARM.Collect$$libshutdown$$00000003      0x080001ee   Section        0  libshutdown2.o(.ARM.Collect$$libshutdown$$00000003)
    .ARM.Collect$$libshutdown$$00000006      0x080001ee   Section        0  libshutdown2.o(.ARM.Collect$$libshutdown$$00000006)
    .ARM.Collect$$libshutdown$$00000009      0x080001ee   Section        0  libshutdown2.o(.ARM.Collect$$libshutdown$$00000009)
    .ARM.Collect$$libshutdown$$0000000B      0x080001ee   Section        0  libshutdown2.o(.ARM.Collect$$libshutdown$$0000000B)
    .ARM.Collect$$libshutdown$$0000000E      0x080001ee   Section        0  libshutdown2.o(.ARM.Collect$$libshutdown$$0000000E)
    .ARM.Collect$$libshutdown$$0000000F      0x080001ee   Section        2  libshutdown2.o(.ARM.Collect$$libshutdown$$0000000F)
    .ARM.Collect$$rtentry$$00000000          0x080001f0   Section        0  rtentry.o(.ARM.Collect$$rtentry$$00000000)
    .ARM.Collect$$rtentry$$00000002          0x080001f0   Section        0  rtentry2.o(.ARM.Collect$$rtentry$$00000002)
    .ARM.Collect$$rtentry$$00000004          0x080001f0   Section        6  rtentry4.o(.ARM.Collect$$rtentry$$00000004)
    .ARM.Collect$$rtentry$$00000009          0x080001f6   Section        0  rtentry2.o(.ARM.Collect$$rtentry$$00000009)
    .ARM.Collect$$rtentry$$0000000A          0x080001f6   Section        4  rtentry2.o(.ARM.Collect$$rtentry$$0000000A)
    .ARM.Collect$$rtentry$$0000000C          0x080001fa   Section        0  rtentry2.o(.ARM.Collect$$rtentry$$0000000C)
    .ARM.Collect$$rtentry$$0000000D          0x080001fa   Section        8  rtentry2.o(.ARM.Collect$$rtentry$$0000000D)
    .ARM.Collect$$rtexit$$00000000           0x08000202   Section        2  rtexit.o(.ARM.Collect$$rtexit$$00000000)
    .ARM.Collect$$rtexit$$00000002           0x08000204   Section        0  rtexit2.o(.ARM.Collect$$rtexit$$00000002)
    .ARM.Collect$$rtexit$$00000003           0x08000204   Section        4  rtexit2.o(.ARM.Collect$$rtexit$$00000003)
    .ARM.Collect$$rtexit$$00000004           0x08000208   Section        6  rtexit2.o(.ARM.Collect$$rtexit$$00000004)
    .text                                    0x08000210   Section       76  startup_stm32f10x_hd.o(.text)
    .text                                    0x0800025c   Section        0  stm32f10x_it.o(.text)
    .text                                    0x08000278   Section        0  main.o(.text)
    .text                                    0x08000384   Section        0  gt23l16u2w.o(.text)
    .text                                    0x08000704   Section        0  sst25vf040b.o(.text)
    .text                                    0x08000ac0   Section        0  uart.o(.text)
    .text                                    0x08001100   Section        0  ds1302.o(.text)
    .text                                    0x08001610   Section        0  leddriver.o(.text)
    .text                                    0x08001a50   Section        0  misc.o(.text)
    .text                                    0x08001b48   Section        0  stm32f10x_flash.o(.text)
    .text                                    0x08002110   Section        0  stm32f10x_gpio.o(.text)
    .text                                    0x08002468   Section        0  stm32f10x_rcc.o(.text)
    .text                                    0x08002814   Section        0  stm32f10x_usart.o(.text)
    .text                                    0x08002c20   Section       68  rt_memclr.o(.text)
    .text                                    0x08002c64   Section        0  heapauxi.o(.text)
    .text                                    0x08002c6a   Section       78  rt_memclr_w.o(.text)
    .text                                    0x08002cb8   Section       74  sys_stackheap_outer.o(.text)
    .text                                    0x08002d02   Section        0  exit.o(.text)
    .text                                    0x08002d10   Section        8  libspace.o(.text)
    .text                                    0x08002d18   Section        8  rt_fp_status_addr_intlibspace.o(.text)
    .text                                    0x08002d20   Section        0  sys_exit.o(.text)
    .text                                    0x08002d2c   Section        2  use_no_semi.o(.text)
    x$fpl$fpinit                             0x08002d2e   Section       14  fpinit.o(x$fpl$fpinit)
    .data                                    0x20000000   Section     4352  gt23l16u2w.o(.data)
    .data                                    0x20001100   Section       10  uart.o(.data)
    .data                                    0x2000110a   Section       20  stm32f10x_rcc.o(.data)
    APBAHBPrescTable                         0x2000110a   Data          16  stm32f10x_rcc.o(.data)
    ADCPrescTable                            0x2000111a   Data           4  stm32f10x_rcc.o(.data)
    .bss                                     0x20001120   Section      513  uart.o(.bss)
    .bss                                     0x20001321   Section      288  leddriver.o(.bss)
    .bss                                     0x20001444   Section       96  libspace.o(.bss)
    HEAP                                     0x200014a8   Section      512  startup_stm32f10x_hd.o(HEAP)
    Heap_Mem                                 0x200014a8   Data         512  startup_stm32f10x_hd.o(HEAP)
    STACK                                    0x200016a8   Section     1024  startup_stm32f10x_hd.o(STACK)
    Stack_Mem                                0x200016a8   Data        1024  startup_stm32f10x_hd.o(STACK)
    __initial_sp                             0x20001aa8   Data           0  startup_stm32f10x_hd.o(STACK)

    Global Symbols

    Symbol Name                              Value     Ov Type        Size  Object(Section)

    BuildAttributes$$THM_ISAv4$P$D$K$B$S$PE$A:L22UL41UL21$X:L11$S22US41US21$IEEE1$IW$USESV6$~STKCKD$USESV7$~SHL$OSPACE$ROPI$EBA8$UX$STANDARDLIB$REQ8$PRES8$EABIv2 0x00000000   Number         0  anon$$obj.o ABSOLUTE
    __ARM_use_no_argv                        0x00000000   Number         0  main.o ABSOLUTE
    __ARM_exceptions_init                     - Undefined Weak Reference
    __alloca_initialize                       - Undefined Weak Reference
    __cpp_initialize__aeabi_                  - Undefined Weak Reference
    __cxa_finalize                            - Undefined Weak Reference
    __rt_locale                               - Undefined Weak Reference
    __sigvec_lookup                           - Undefined Weak Reference
    _atexit_init                              - Undefined Weak Reference
    _call_atexit_fns                          - Undefined Weak Reference
    _clock_init                               - Undefined Weak Reference
    _fp_trap_init                             - Undefined Weak Reference
    _fp_trap_shutdown                         - Undefined Weak Reference
    _get_lc_collate                           - Undefined Weak Reference
    _get_lc_ctype                             - Undefined Weak Reference
    _get_lc_monetary                          - Undefined Weak Reference
    _get_lc_numeric                           - Undefined Weak Reference
    _get_lc_time                              - Undefined Weak Reference
    _getenv_init                              - Undefined Weak Reference
    _handle_redirection                       - Undefined Weak Reference
    _init_alloc                               - Undefined Weak Reference
    _init_user_alloc                          - Undefined Weak Reference
    _initio                                   - Undefined Weak Reference
    _rand_init                                - Undefined Weak Reference
    _signal_finish                            - Undefined Weak Reference
    _signal_init                              - Undefined Weak Reference
    _terminate_alloc                          - Undefined Weak Reference
    _terminate_user_alloc                     - Undefined Weak Reference
    _terminateio                              - Undefined Weak Reference
    __Vectors_Size                           0x00000130   Number         0  startup_stm32f10x_hd.o ABSOLUTE
    __Vectors                                0x08000000   Data           4  startup_stm32f10x_hd.o(RESET)
    __Vectors_End                            0x08000130   Data           0  startup_stm32f10x_hd.o(RESET)
    __main                                   0x08000131   Thumb Code     8  __main.o(!!!main)
    __scatterload                            0x08000139   Thumb Code     0  __scatter.o(!!!scatter)
    __scatterload_rt2                        0x08000139   Thumb Code    44  __scatter.o(!!!scatter)
    __scatterload_rt2_thumb_only             0x08000139   Thumb Code     0  __scatter.o(!!!scatter)
    __scatterload_null                       0x08000147   Thumb Code     0  __scatter.o(!!!scatter)
    __decompress                             0x0800016d   Thumb Code    90  __dczerorl2.o(!!dczerorl2)
    __decompress1                            0x0800016d   Thumb Code     0  __dczerorl2.o(!!dczerorl2)
    __scatterload_zeroinit                   0x080001c9   Thumb Code    28  __scatter_zi.o(!!handler_zi)
    __rt_lib_init                            0x080001e5   Thumb Code     0  libinit.o(.ARM.Collect$$libinit$$00000000)
    __rt_lib_init_alloca_1                   0x080001eb   Thumb Code     0  libinit2.o(.ARM.Collect$$libinit$$0000002A)
    __rt_lib_init_argv_1                     0x080001eb   Thumb Code     0  libinit2.o(.ARM.Collect$$libinit$$00000028)
    __rt_lib_init_atexit_1                   0x080001eb   Thumb Code     0  libinit2.o(.ARM.Collect$$libinit$$00000017)
    __rt_lib_init_clock_1                    0x080001eb   Thumb Code     0  libinit2.o(.ARM.Collect$$libinit$$0000001D)
    __rt_lib_init_cpp_1                      0x080001eb   Thumb Code     0  libinit2.o(.ARM.Collect$$libinit$$0000002E)
    __rt_lib_init_exceptions_1               0x080001eb   Thumb Code     0  libinit2.o(.ARM.Collect$$libinit$$0000002C)
    __rt_lib_init_fp_trap_1                  0x080001eb   Thumb Code     0  libinit2.o(.ARM.Collect$$libinit$$0000001B)
    __rt_lib_init_getenv_1                   0x080001eb   Thumb Code     0  libinit2.o(.ARM.Collect$$libinit$$0000001F)
    __rt_lib_init_heap_1                     0x080001eb   Thumb Code     0  libinit2.o(.ARM.Collect$$libinit$$00000006)
    __rt_lib_init_lc_collate_1               0x080001eb   Thumb Code     0  libinit2.o(.ARM.Collect$$libinit$$0000000D)
    __rt_lib_init_lc_ctype_1                 0x080001eb   Thumb Code     0  libinit2.o(.ARM.Collect$$libinit$$0000000F)
    __rt_lib_init_lc_monetary_1              0x080001eb   Thumb Code     0  libinit2.o(.ARM.Collect$$libinit$$00000011)
    __rt_lib_init_lc_numeric_1               0x080001eb   Thumb Code     0  libinit2.o(.ARM.Collect$$libinit$$00000013)
    __rt_lib_init_lc_time_1                  0x080001eb   Thumb Code     0  libinit2.o(.ARM.Collect$$libinit$$00000015)
    __rt_lib_init_rand_1                     0x080001eb   Thumb Code     0  libinit2.o(.ARM.Collect$$libinit$$0000000A)
    __rt_lib_init_return                     0x080001eb   Thumb Code     0  libinit2.o(.ARM.Collect$$libinit$$0000002F)
    __rt_lib_init_signal_1                   0x080001eb   Thumb Code     0  libinit2.o(.ARM.Collect$$libinit$$00000019)
    __rt_lib_init_stdio_1                    0x080001eb   Thumb Code     0  libinit2.o(.ARM.Collect$$libinit$$00000021)
    __rt_lib_init_user_alloc_1               0x080001eb   Thumb Code     0  libinit2.o(.ARM.Collect$$libinit$$00000008)
    __rt_lib_shutdown                        0x080001ed   Thumb Code     0  libshutdown.o(.ARM.Collect$$libshutdown$$00000000)
    __rt_lib_shutdown_fp_trap_1              0x080001ef   Thumb Code     0  libshutdown2.o(.ARM.Collect$$libshutdown$$00000006)
    __rt_lib_shutdown_heap_1                 0x080001ef   Thumb Code     0  libshutdown2.o(.ARM.Collect$$libshutdown$$0000000E)
    __rt_lib_shutdown_return                 0x080001ef   Thumb Code     0  libshutdown2.o(.ARM.Collect$$libshutdown$$0000000F)
    __rt_lib_shutdown_signal_1               0x080001ef   Thumb Code     0  libshutdown2.o(.ARM.Collect$$libshutdown$$00000009)
    __rt_lib_shutdown_stdio_1                0x080001ef   Thumb Code     0  libshutdown2.o(.ARM.Collect$$libshutdown$$00000003)
    __rt_lib_shutdown_user_alloc_1           0x080001ef   Thumb Code     0  libshutdown2.o(.ARM.Collect$$libshutdown$$0000000B)
    __rt_entry                               0x080001f1   Thumb Code     0  rtentry.o(.ARM.Collect$$rtentry$$00000000)
    __rt_entry_presh_1                       0x080001f1   Thumb Code     0  rtentry2.o(.ARM.Collect$$rtentry$$00000002)
    __rt_entry_sh                            0x080001f1   Thumb Code     0  rtentry4.o(.ARM.Collect$$rtentry$$00000004)
    __rt_entry_li                            0x080001f7   Thumb Code     0  rtentry2.o(.ARM.Collect$$rtentry$$0000000A)
    __rt_entry_postsh_1                      0x080001f7   Thumb Code     0  rtentry2.o(.ARM.Collect$$rtentry$$00000009)
    __rt_entry_main                          0x080001fb   Thumb Code     0  rtentry2.o(.ARM.Collect$$rtentry$$0000000D)
    __rt_entry_postli_1                      0x080001fb   Thumb Code     0  rtentry2.o(.ARM.Collect$$rtentry$$0000000C)
    __rt_exit                                0x08000203   Thumb Code     0  rtexit.o(.ARM.Collect$$rtexit$$00000000)
    __rt_exit_ls                             0x08000205   Thumb Code     0  rtexit2.o(.ARM.Collect$$rtexit$$00000003)
    __rt_exit_prels_1                        0x08000205   Thumb Code     0  rtexit2.o(.ARM.Collect$$rtexit$$00000002)
    __rt_exit_exit                           0x08000209   Thumb Code     0  rtexit2.o(.ARM.Collect$$rtexit$$00000004)
    SystemInit_ExtMemCtl                     0x08000211   Thumb Code     2  startup_stm32f10x_hd.o(.text)
    Reset_Handler                            0x08000213   Thumb Code    14  startup_stm32f10x_hd.o(.text)
    ADC1_2_IRQHandler                        0x08000233   Thumb Code     0  startup_stm32f10x_hd.o(.text)
    ADC3_IRQHandler                          0x08000233   Thumb Code     0  startup_stm32f10x_hd.o(.text)
    CAN1_RX1_IRQHandler                      0x08000233   Thumb Code     0  startup_stm32f10x_hd.o(.text)
    CAN1_SCE_IRQHandler                      0x08000233   Thumb Code     0  startup_stm32f10x_hd.o(.text)
    DMA1_Channel1_IRQHandler                 0x08000233   Thumb Code     0  startup_stm32f10x_hd.o(.text)
    DMA1_Channel2_IRQHandler                 0x08000233   Thumb Code     0  startup_stm32f10x_hd.o(.text)
    DMA1_Channel3_IRQHandler                 0x08000233   Thumb Code     0  startup_stm32f10x_hd.o(.text)
    DMA1_Channel4_IRQHandler                 0x08000233   Thumb Code     0  startup_stm32f10x_hd.o(.text)
    DMA1_Channel5_IRQHandler                 0x08000233   Thumb Code     0  startup_stm32f10x_hd.o(.text)
    DMA1_Channel6_IRQHandler                 0x08000233   Thumb Code     0  startup_stm32f10x_hd.o(.text)
    DMA1_Channel7_IRQHandler                 0x08000233   Thumb Code     0  startup_stm32f10x_hd.o(.text)
    DMA2_Channel1_IRQHandler                 0x08000233   Thumb Code     0  startup_stm32f10x_hd.o(.text)
    DMA2_Channel2_IRQHandler                 0x08000233   Thumb Code     0  startup_stm32f10x_hd.o(.text)
    DMA2_Channel3_IRQHandler                 0x08000233   Thumb Code     0  startup_stm32f10x_hd.o(.text)
    DMA2_Channel4_5_IRQHandler               0x08000233   Thumb Code     0  startup_stm32f10x_hd.o(.text)
    EXTI0_IRQHandler                         0x08000233   Thumb Code     0  startup_stm32f10x_hd.o(.text)
    EXTI15_10_IRQHandler                     0x08000233   Thumb Code     0  startup_stm32f10x_hd.o(.text)
    EXTI1_IRQHandler                         0x08000233   Thumb Code     0  startup_stm32f10x_hd.o(.text)
    EXTI2_IRQHandler                         0x08000233   Thumb Code     0  startup_stm32f10x_hd.o(.text)
    EXTI3_IRQHandler                         0x08000233   Thumb Code     0  startup_stm32f10x_hd.o(.text)
    EXTI4_IRQHandler                         0x08000233   Thumb Code     0  startup_stm32f10x_hd.o(.text)
    EXTI9_5_IRQHandler                       0x08000233   Thumb Code     0  startup_stm32f10x_hd.o(.text)
    FLASH_IRQHandler                         0x08000233   Thumb Code     0  startup_stm32f10x_hd.o(.text)
    FSMC_IRQHandler                          0x08000233   Thumb Code     0  startup_stm32f10x_hd.o(.text)
    I2C1_ER_IRQHandler                       0x08000233   Thumb Code     0  startup_stm32f10x_hd.o(.text)
    I2C1_EV_IRQHandler                       0x08000233   Thumb Code     0  startup_stm32f10x_hd.o(.text)
    I2C2_ER_IRQHandler                       0x08000233   Thumb Code     0  startup_stm32f10x_hd.o(.text)
    I2C2_EV_IRQHandler                       0x08000233   Thumb Code     0  startup_stm32f10x_hd.o(.text)
    PVD_IRQHandler                           0x08000233   Thumb Code     0  startup_stm32f10x_hd.o(.text)
    RCC_IRQHandler                           0x08000233   Thumb Code     0  startup_stm32f10x_hd.o(.text)
    RTCAlarm_IRQHandler                      0x08000233   Thumb Code     0  startup_stm32f10x_hd.o(.text)
    RTC_IRQHandler                           0x08000233   Thumb Code     0  startup_stm32f10x_hd.o(.text)
    SDIO_IRQHandler                          0x08000233   Thumb Code     0  startup_stm32f10x_hd.o(.text)
    SPI1_IRQHandler                          0x08000233   Thumb Code     0  startup_stm32f10x_hd.o(.text)
    SPI2_IRQHandler                          0x08000233   Thumb Code     0  startup_stm32f10x_hd.o(.text)
    SPI3_IRQHandler                          0x08000233   Thumb Code     0  startup_stm32f10x_hd.o(.text)
    TAMPER_IRQHandler                        0x08000233   Thumb Code     0  startup_stm32f10x_hd.o(.text)
    TIM1_BRK_IRQHandler                      0x08000233   Thumb Code     0  startup_stm32f10x_hd.o(.text)
    TIM1_CC_IRQHandler                       0x08000233   Thumb Code     0  startup_stm32f10x_hd.o(.text)
    TIM1_TRG_COM_IRQHandler                  0x08000233   Thumb Code     0  startup_stm32f10x_hd.o(.text)
    TIM1_UP_IRQHandler                       0x08000233   Thumb Code     0  startup_stm32f10x_hd.o(.text)
    TIM2_IRQHandler                          0x08000233   Thumb Code     0  startup_stm32f10x_hd.o(.text)
    TIM3_IRQHandler                          0x08000233   Thumb Code     0  startup_stm32f10x_hd.o(.text)
    TIM4_IRQHandler                          0x08000233   Thumb Code     0  startup_stm32f10x_hd.o(.text)
    TIM5_IRQHandler                          0x08000233   Thumb Code     0  startup_stm32f10x_hd.o(.text)
    TIM6_IRQHandler                          0x08000233   Thumb Code     0  startup_stm32f10x_hd.o(.text)
    TIM7_IRQHandler                          0x08000233   Thumb Code     0  startup_stm32f10x_hd.o(.text)
    TIM8_BRK_IRQHandler                      0x08000233   Thumb Code     0  startup_stm32f10x_hd.o(.text)
    TIM8_CC_IRQHandler                       0x08000233   Thumb Code     0  startup_stm32f10x_hd.o(.text)
    TIM8_TRG_COM_IRQHandler                  0x08000233   Thumb Code     0  startup_stm32f10x_hd.o(.text)
    TIM8_UP_IRQHandler                       0x08000233   Thumb Code     0  startup_stm32f10x_hd.o(.text)
    UART4_IRQHandler                         0x08000233   Thumb Code     0  startup_stm32f10x_hd.o(.text)
    UART5_IRQHandler                         0x08000233   Thumb Code     0  startup_stm32f10x_hd.o(.text)
    USART2_IRQHandler                        0x08000233   Thumb Code     0  startup_stm32f10x_hd.o(.text)
    USART3_IRQHandler                        0x08000233   Thumb Code     0  startup_stm32f10x_hd.o(.text)
    USBWakeUp_IRQHandler                     0x08000233   Thumb Code     0  startup_stm32f10x_hd.o(.text)
    USB_HP_CAN1_TX_IRQHandler                0x08000233   Thumb Code     0  startup_stm32f10x_hd.o(.text)
    USB_LP_CAN1_RX0_IRQHandler               0x08000233   Thumb Code     0  startup_stm32f10x_hd.o(.text)
    WWDG_IRQHandler                          0x08000233   Thumb Code     0  startup_stm32f10x_hd.o(.text)
    __user_initial_stackheap                 0x08000235   Thumb Code     0  startup_stm32f10x_hd.o(.text)
    NMI_Handler                              0x0800025d   Thumb Code     2  stm32f10x_it.o(.text)
    HardFault_Handler                        0x0800025f   Thumb Code     4  stm32f10x_it.o(.text)
    MemManage_Handler                        0x08000263   Thumb Code     4  stm32f10x_it.o(.text)
    BusFault_Handler                         0x08000267   Thumb Code     4  stm32f10x_it.o(.text)
    UsageFault_Handler                       0x0800026b   Thumb Code     4  stm32f10x_it.o(.text)
    SVC_Handler                              0x0800026f   Thumb Code     2  stm32f10x_it.o(.text)
    DebugMon_Handler                         0x08000271   Thumb Code     2  stm32f10x_it.o(.text)
    PendSV_Handler                           0x08000273   Thumb Code     2  stm32f10x_it.o(.text)
    SysTick_Handler                          0x08000275   Thumb Code     2  stm32f10x_it.o(.text)
    RCC_Configuration                        0x08000279   Thumb Code    24  main.o(.text)
    GPIO_Configuration                       0x08000291   Thumb Code    12  main.o(.text)
    NVIC_Configuration                       0x0800029d   Thumb Code     8  main.o(.text)
    SysClock_Init                            0x080002a5   Thumb Code    98  main.o(.text)
    Delay                                    0x08000307   Thumb Code    38  main.o(.text)
    main                                     0x0800032d   Thumb Code    44  main.o(.text)
    GT32_Init                                0x08000385   Thumb Code    60  gt23l16u2w.o(.text)
    GT32_WirteByte                           0x080003c1   Thumb Code    98  gt23l16u2w.o(.text)
    GetFont8X16AsciiAddress                  0x08000423   Thumb Code    24  gt23l16u2w.o(.text)
    GetFont7X8AsciiAddress                   0x0800043b   Thumb Code    24  gt23l16u2w.o(.text)
    GetFont15X16Address                      0x08000453   Thumb Code   230  gt23l16u2w.o(.text)
    GetFont11X12Address                      0x08000539   Thumb Code   250  gt23l16u2w.o(.text)
    Char2Lattice                             0x08000633   Thumb Code   166  gt23l16u2w.o(.text)
    Flash_Init                               0x08000705   Thumb Code    88  sst25vf040b.o(.text)
    Write_To_Flash_Byte                      0x0800075d   Thumb Code   140  sst25vf040b.o(.text)
    SSTF040B_RD                              0x080007e9   Thumb Code   108  sst25vf040b.o(.text)
    Write_Flash                              0x08000855   Thumb Code   500  sst25vf040b.o(.text)
    Read_Flash                               0x08000a49   Thumb Code   110  sst25vf040b.o(.text)
    UART_GPIO_Configuration                  0x08000ac1   Thumb Code    76  uart.o(.text)
    UART_INT_Configuration                   0x08000b0d   Thumb Code    36  uart.o(.text)
    USART1_Init                              0x08000b31   Thumb Code    60  uart.o(.text)
    UART_Init                                0x08000b6d   Thumb Code    22  uart.o(.text)
    USART1_SendByte                          0x08000b83   Thumb Code    28  uart.o(.text)
    USART1_Printf                            0x08000b9f   Thumb Code    34  uart.o(.text)
    LED_Send                                 0x08000bc1   Thumb Code    40  uart.o(.text)
    Send_Packet                              0x08000be9   Thumb Code   144  uart.o(.text)
    Time_Judge                               0x08000c79   Thumb Code   430  uart.o(.text)
    USART1_IRQHandler                        0x08000e27   Thumb Code   706  uart.o(.text)
    IO_Set                                   0x08001101   Thumb Code    62  ds1302.o(.text)
    DS1302_Write                             0x0800113f   Thumb Code    74  ds1302.o(.text)
    dat_write                                0x08001189   Thumb Code    60  ds1302.o(.text)
    ds1302_protect                           0x080011c5   Thumb Code    26  ds1302.o(.text)
    settime                                  0x080011df   Thumb Code    28  ds1302.o(.text)
    DS1302_Read                              0x080011fb   Thumb Code    70  ds1302.o(.text)
    dat_read                                 0x08001241   Thumb Code    62  ds1302.o(.text)
    init_ds1302                              0x0800127f   Thumb Code    26  ds1302.o(.text)
    DS1302_Init                              0x08001299   Thumb Code    34  ds1302.o(.text)
    set                                      0x080012bb   Thumb Code    40  ds1302.o(.text)
    day_set                                  0x080012e3   Thumb Code    50  ds1302.o(.text)
    gottime                                  0x08001315   Thumb Code   208  ds1302.o(.text)
    gettime                                  0x080013e5   Thumb Code   332  ds1302.o(.text)
    init_time                                0x08001531   Thumb Code    66  ds1302.o(.text)
    numTOchar                                0x08001573   Thumb Code    42  ds1302.o(.text)
    set_time                                 0x0800159d   Thumb Code   116  ds1302.o(.text)
    Delay_ms                                 0x08001611   Thumb Code    22  leddriver.o(.text)
    DisplayInRow                             0x08001627   Thumb Code    20  leddriver.o(.text)
    WriteByte                                0x0800163b   Thumb Code    86  leddriver.o(.text)
    SelectOneRow                             0x08001691   Thumb Code   244  leddriver.o(.text)
    Display                                  0x08001785   Thumb Code    96  leddriver.o(.text)
    Dis_ClearScreen                          0x080017e5   Thumb Code    16  leddriver.o(.text)
    LED_ONOFF                                0x080017f5   Thumb Code    46  leddriver.o(.text)
    LedInit                                  0x08001823   Thumb Code   108  leddriver.o(.text)
    Dis_BottomToTop                          0x0800188f   Thumb Code     2  leddriver.o(.text)
    Dis_RightToLeft                          0x08001891   Thumb Code   304  leddriver.o(.text)
    LedDisplay                               0x080019c1   Thumb Code    46  leddriver.o(.text)
    Dis_Static                               0x080019ef   Thumb Code    98  leddriver.o(.text)
    NVIC_PriorityGroupConfig                 0x08001a51   Thumb Code    10  misc.o(.text)
    NVIC_Init                                0x08001a5b   Thumb Code   118  misc.o(.text)
    NVIC_SetVectorTable                      0x08001ad1   Thumb Code    12  misc.o(.text)
    NVIC_SystemLPConfig                      0x08001add   Thumb Code    38  misc.o(.text)
    SysTick_CLKSourceConfig                  0x08001b03   Thumb Code    40  misc.o(.text)
    FLASH_SetLatency                         0x08001b49   Thumb Code    18  stm32f10x_flash.o(.text)
    FLASH_HalfCycleAccessCmd                 0x08001b5b   Thumb Code    22  stm32f10x_flash.o(.text)
    FLASH_PrefetchBufferCmd                  0x08001b71   Thumb Code    22  stm32f10x_flash.o(.text)
    FLASH_Unlock                             0x08001b87   Thumb Code    12  stm32f10x_flash.o(.text)
    FLASH_UnlockBank1                        0x08001b93   Thumb Code    12  stm32f10x_flash.o(.text)
    FLASH_Lock                               0x08001b9f   Thumb Code    14  stm32f10x_flash.o(.text)
    FLASH_LockBank1                          0x08001bad   Thumb Code    14  stm32f10x_flash.o(.text)
    FLASH_GetBank1Status                     0x08001bbb   Thumb Code    50  stm32f10x_flash.o(.text)
    FLASH_WaitForLastOperation               0x08001bed   Thumb Code    38  stm32f10x_flash.o(.text)
    FLASH_ErasePage                          0x08001c13   Thumb Code    72  stm32f10x_flash.o(.text)
    FLASH_EraseAllPages                      0x08001c5b   Thumb Code    68  stm32f10x_flash.o(.text)
    FLASH_WaitForLastBank1Operation          0x08001c9f   Thumb Code    38  stm32f10x_flash.o(.text)
    FLASH_EraseAllBank1Pages                 0x08001cc5   Thumb Code    68  stm32f10x_flash.o(.text)
    FLASH_GetReadOutProtectionStatus         0x08001d09   Thumb Code    20  stm32f10x_flash.o(.text)
    FLASH_EraseOptionBytes                   0x08001d1d   Thumb Code   152  stm32f10x_flash.o(.text)
    FLASH_ProgramWord                        0x08001db5   Thumb Code    96  stm32f10x_flash.o(.text)
    FLASH_ProgramHalfWord                    0x08001e15   Thumb Code    60  stm32f10x_flash.o(.text)
    FLASH_ProgramOptionByteData              0x08001e51   Thumb Code    72  stm32f10x_flash.o(.text)
    FLASH_EnableWriteProtection              0x08001e99   Thumb Code   208  stm32f10x_flash.o(.text)
    FLASH_ReadOutProtection                  0x08001f69   Thumb Code   156  stm32f10x_flash.o(.text)
    FLASH_UserOptionByteConfig               0x08002005   Thumb Code    88  stm32f10x_flash.o(.text)
    FLASH_GetUserOptionByte                  0x0800205d   Thumb Code     8  stm32f10x_flash.o(.text)
    FLASH_GetWriteProtectionOptionByte       0x08002065   Thumb Code     6  stm32f10x_flash.o(.text)
    FLASH_GetPrefetchBufferStatus            0x0800206b   Thumb Code    20  stm32f10x_flash.o(.text)
    FLASH_ITConfig                           0x0800207f   Thumb Code    26  stm32f10x_flash.o(.text)
    FLASH_GetFlagStatus                      0x08002099   Thumb Code    42  stm32f10x_flash.o(.text)
    FLASH_ClearFlag                          0x080020c3   Thumb Code     6  stm32f10x_flash.o(.text)
    FLASH_GetStatus                          0x080020c9   Thumb Code    50  stm32f10x_flash.o(.text)
    GPIO_DeInit                              0x08002111   Thumb Code   172  stm32f10x_gpio.o(.text)
    GPIO_AFIODeInit                          0x080021bd   Thumb Code    20  stm32f10x_gpio.o(.text)
    GPIO_Init                                0x080021d1   Thumb Code   274  stm32f10x_gpio.o(.text)
    GPIO_StructInit                          0x080022e3   Thumb Code    16  stm32f10x_gpio.o(.text)
    GPIO_ReadInputDataBit                    0x080022f3   Thumb Code    18  stm32f10x_gpio.o(.text)
    GPIO_ReadInputData                       0x08002305   Thumb Code     8  stm32f10x_gpio.o(.text)
    GPIO_ReadOutputDataBit                   0x0800230d   Thumb Code    18  stm32f10x_gpio.o(.text)
    GPIO_ReadOutputData                      0x0800231f   Thumb Code     8  stm32f10x_gpio.o(.text)
    GPIO_SetBits                             0x08002327   Thumb Code     4  stm32f10x_gpio.o(.text)
    GPIO_ResetBits                           0x0800232b   Thumb Code     4  stm32f10x_gpio.o(.text)
    GPIO_WriteBit                            0x0800232f   Thumb Code    10  stm32f10x_gpio.o(.text)
    GPIO_Write                               0x08002339   Thumb Code     4  stm32f10x_gpio.o(.text)
    GPIO_PinLockConfig                       0x0800233d   Thumb Code    18  stm32f10x_gpio.o(.text)
    GPIO_EventOutputConfig                   0x0800234f   Thumb Code    26  stm32f10x_gpio.o(.text)
    GPIO_EventOutputCmd                      0x08002369   Thumb Code     6  stm32f10x_gpio.o(.text)
    GPIO_PinRemapConfig                      0x0800236f   Thumb Code   138  stm32f10x_gpio.o(.text)
    GPIO_EXTILineConfig                      0x080023f9   Thumb Code    66  stm32f10x_gpio.o(.text)
    GPIO_ETH_MediaInterfaceConfig            0x0800243b   Thumb Code     6  stm32f10x_gpio.o(.text)
    RCC_DeInit                               0x08002469   Thumb Code    64  stm32f10x_rcc.o(.text)
    RCC_HSEConfig                            0x080024a9   Thumb Code    70  stm32f10x_rcc.o(.text)
    RCC_GetFlagStatus                        0x080024ef   Thumb Code    56  stm32f10x_rcc.o(.text)
    RCC_WaitForHSEStartUp                    0x08002527   Thumb Code    48  stm32f10x_rcc.o(.text)
    RCC_AdjustHSICalibrationValue            0x08002557   Thumb Code    20  stm32f10x_rcc.o(.text)
    RCC_HSICmd                               0x0800256b   Thumb Code     6  stm32f10x_rcc.o(.text)
    RCC_PLLConfig                            0x08002571   Thumb Code    24  stm32f10x_rcc.o(.text)
    RCC_PLLCmd                               0x08002589   Thumb Code     6  stm32f10x_rcc.o(.text)
    RCC_SYSCLKConfig                         0x0800258f   Thumb Code    18  stm32f10x_rcc.o(.text)
    RCC_GetSYSCLKSource                      0x080025a1   Thumb Code    10  stm32f10x_rcc.o(.text)
    RCC_HCLKConfig                           0x080025ab   Thumb Code    18  stm32f10x_rcc.o(.text)
    RCC_PCLK1Config                          0x080025bd   Thumb Code    18  stm32f10x_rcc.o(.text)
    RCC_PCLK2Config                          0x080025cf   Thumb Code    20  stm32f10x_rcc.o(.text)
    RCC_ITConfig                             0x080025e3   Thumb Code    30  stm32f10x_rcc.o(.text)
    RCC_USBCLKConfig                         0x08002601   Thumb Code     6  stm32f10x_rcc.o(.text)
    RCC_ADCCLKConfig                         0x08002607   Thumb Code    18  stm32f10x_rcc.o(.text)
    RCC_LSEConfig                            0x08002619   Thumb Code    44  stm32f10x_rcc.o(.text)
    RCC_LSICmd                               0x08002645   Thumb Code     6  stm32f10x_rcc.o(.text)
    RCC_RTCCLKConfig                         0x0800264b   Thumb Code    12  stm32f10x_rcc.o(.text)
    RCC_RTCCLKCmd                            0x08002657   Thumb Code     6  stm32f10x_rcc.o(.text)
    RCC_GetClocksFreq                        0x0800265d   Thumb Code   192  stm32f10x_rcc.o(.text)
    RCC_AHBPeriphClockCmd                    0x0800271d   Thumb Code    26  stm32f10x_rcc.o(.text)
    RCC_APB2PeriphClockCmd                   0x08002737   Thumb Code    26  stm32f10x_rcc.o(.text)
    RCC_APB1PeriphClockCmd                   0x08002751   Thumb Code    26  stm32f10x_rcc.o(.text)
    RCC_APB2PeriphResetCmd                   0x0800276b   Thumb Code    26  stm32f10x_rcc.o(.text)
    RCC_APB1PeriphResetCmd                   0x08002785   Thumb Code    26  stm32f10x_rcc.o(.text)
    RCC_BackupResetCmd                       0x0800279f   Thumb Code     6  stm32f10x_rcc.o(.text)
    RCC_ClockSecuritySystemCmd               0x080027a5   Thumb Code     6  stm32f10x_rcc.o(.text)
    RCC_MCOConfig                            0x080027ab   Thumb Code     6  stm32f10x_rcc.o(.text)
    RCC_ClearFlag                            0x080027b1   Thumb Code    14  stm32f10x_rcc.o(.text)
    RCC_GetITStatus                          0x080027bf   Thumb Code    20  stm32f10x_rcc.o(.text)
    RCC_ClearITPendingBit                    0x080027d3   Thumb Code     6  stm32f10x_rcc.o(.text)
    USART_DeInit                             0x08002815   Thumb Code   134  stm32f10x_usart.o(.text)
    USART_Init                               0x0800289b   Thumb Code   210  stm32f10x_usart.o(.text)
    USART_StructInit                         0x0800296d   Thumb Code    24  stm32f10x_usart.o(.text)
    USART_ClockInit                          0x08002985   Thumb Code    34  stm32f10x_usart.o(.text)
    USART_ClockStructInit                    0x080029a7   Thumb Code    12  stm32f10x_usart.o(.text)
    USART_Cmd                                0x080029b3   Thumb Code    24  stm32f10x_usart.o(.text)
    USART_ITConfig                           0x080029cb   Thumb Code    74  stm32f10x_usart.o(.text)
    USART_DMACmd                             0x08002a15   Thumb Code    24  stm32f10x_usart.o(.text)
    USART_SetAddress                         0x08002a2d   Thumb Code    18  stm32f10x_usart.o(.text)
    USART_WakeUpConfig                       0x08002a3f   Thumb Code    18  stm32f10x_usart.o(.text)
    USART_ReceiverWakeUpCmd                  0x08002a51   Thumb Code    24  stm32f10x_usart.o(.text)
    USART_LINBreakDetectLengthConfig         0x08002a69   Thumb Code    18  stm32f10x_usart.o(.text)
    USART_LINCmd                             0x08002a7b   Thumb Code    24  stm32f10x_usart.o(.text)
    USART_SendData                           0x08002a93   Thumb Code     8  stm32f10x_usart.o(.text)
    USART_ReceiveData                        0x08002a9b   Thumb Code    10  stm32f10x_usart.o(.text)
    USART_SendBreak                          0x08002aa5   Thumb Code    10  stm32f10x_usart.o(.text)
    USART_SetGuardTime                       0x08002aaf   Thumb Code    16  stm32f10x_usart.o(.text)
    USART_SetPrescaler                       0x08002abf   Thumb Code    16  stm32f10x_usart.o(.text)
    USART_SmartCardCmd                       0x08002acf   Thumb Code    24  stm32f10x_usart.o(.text)
    USART_SmartCardNACKCmd                   0x08002ae7   Thumb Code    24  stm32f10x_usart.o(.text)
    USART_HalfDuplexCmd                      0x08002aff   Thumb Code    24  stm32f10x_usart.o(.text)
    USART_OverSampling8Cmd                   0x08002b17   Thumb Code    22  stm32f10x_usart.o(.text)
    USART_OneBitMethodCmd                    0x08002b2d   Thumb Code    24  stm32f10x_usart.o(.text)
    USART_IrDAConfig                         0x08002b45   Thumb Code    18  stm32f10x_usart.o(.text)
    USART_IrDACmd                            0x08002b57   Thumb Code    24  stm32f10x_usart.o(.text)
    USART_GetFlagStatus                      0x08002b6f   Thumb Code    26  stm32f10x_usart.o(.text)
    USART_ClearFlag                          0x08002b89   Thumb Code    18  stm32f10x_usart.o(.text)
    USART_GetITStatus                        0x08002b9b   Thumb Code    84  stm32f10x_usart.o(.text)
    USART_ClearITPendingBit                  0x08002bef   Thumb Code    50  stm32f10x_usart.o(.text)
    __aeabi_memclr                           0x08002c21   Thumb Code     0  rt_memclr.o(.text)
    __rt_memclr                              0x08002c21   Thumb Code    68  rt_memclr.o(.text)
    _memset                                  0x08002c25   Thumb Code     0  rt_memclr.o(.text)
    __use_two_region_memory                  0x08002c65   Thumb Code     2  heapauxi.o(.text)
    __rt_heap_escrow$2region                 0x08002c67   Thumb Code     2  heapauxi.o(.text)
    __rt_heap_expand$2region                 0x08002c69   Thumb Code     2  heapauxi.o(.text)
    __aeabi_memclr4                          0x08002c6b   Thumb Code     0  rt_memclr_w.o(.text)
    __aeabi_memclr8                          0x08002c6b   Thumb Code     0  rt_memclr_w.o(.text)
    __rt_memclr_w                            0x08002c6b   Thumb Code    78  rt_memclr_w.o(.text)
    _memset_w                                0x08002c6f   Thumb Code     0  rt_memclr_w.o(.text)
    __user_setup_stackheap                   0x08002cb9   Thumb Code    74  sys_stackheap_outer.o(.text)
    exit                                     0x08002d03   Thumb Code    12  exit.o(.text)
    __user_libspace                          0x08002d11   Thumb Code     8  libspace.o(.text)
    __user_perproc_libspace                  0x08002d11   Thumb Code     0  libspace.o(.text)
    __user_perthread_libspace                0x08002d11   Thumb Code     0  libspace.o(.text)
    __rt_fp_status_addr                      0x08002d19   Thumb Code     8  rt_fp_status_addr_intlibspace.o(.text)
    _sys_exit                                0x08002d21   Thumb Code     8  sys_exit.o(.text)
    __I$use$semihosting                      0x08002d2d   Thumb Code     0  use_no_semi.o(.text)
    __use_no_semihosting_swi                 0x08002d2d   Thumb Code     2  use_no_semi.o(.text)
    _fp_init                                 0x08002d2f   Thumb Code    14  fpinit.o(x$fpl$fpinit)
    __fplib_config_pureend_doubles           0x08002d3b   Thumb Code     0  fpinit.o(x$fpl$fpinit)
    Region$$Table$$Base                      0x08002d3c   Number         0  anon$$obj.o(Region$$Table)
    Region$$Table$$Limit                     0x08002d5c   Number         0  anon$$obj.o(Region$$Table)
    ZFTABLE                                  0x20000000   Data        4352  gt23l16u2w.o(.data)
    RsPos                                    0x20001100   Data           2  uart.o(.data)
    RcPos                                    0x20001102   Data           2  uart.o(.data)
    flag_RX                                  0x20001104   Data           1  uart.o(.data)
    flag_DAT                                 0x20001105   Data           1  uart.o(.data)
    flag_WORK                                0x20001106   Data           1  uart.o(.data)
    flag_OTH                                 0x20001107   Data           1  uart.o(.data)
    total                                    0x20001108   Data           1  uart.o(.data)
    tiao                                     0x20001109   Data           1  uart.o(.data)
    R_Buffer                                 0x20001120   Data         513  uart.o(.bss)
    LedBuffer                                0x20001321   Data         128  leddriver.o(.bss)
    LedNextCol                               0x200013a1   Data          32  leddriver.o(.bss)
    LedNextRow                               0x200013c1   Data         128  leddriver.o(.bss)
    __libspace_start                         0x20001444   Data          96  libspace.o(.bss)
    __temporary_stack_top$libspace           0x200014a4   Data           0  libspace.o(.bss)



==============================================================================

Memory Map of the image

  Image Entry point : 0x08000131

  Load Region LR_IROM1 (Base: 0x08000000, Size: 0x00003e7c, Max: 0x00020000, ABSOLUTE, COMPRESSED[0x000039cc])

    Execution Region ER_IROM1 (Base: 0x08000000, Size: 0x00002d5c, Max: 0x00020000, ABSOLUTE)

    Base Addr    Size         Type   Attr      Idx    E Section Name        Object

    0x08000000   0x00000130   Data   RO            3    RESET               startup_stm32f10x_hd.o
    0x08000130   0x00000008   Code   RO          509  * !!!main             c_w.l(__main.o)
    0x08000138   0x00000034   Code   RO          675    !!!scatter          c_w.l(__scatter.o)
    0x0800016c   0x0000005a   Code   RO          673    !!dczerorl2         c_w.l(__dczerorl2.o)
    0x080001c6   0x00000002   PAD
    0x080001c8   0x0000001c   Code   RO          677    !!handler_zi        c_w.l(__scatter_zi.o)
    0x080001e4   0x00000006   Code   RO          543    .ARM.Collect$$libinit$$00000000  c_w.l(libinit.o)
    0x080001ea   0x00000000   Code   RO          551    .ARM.Collect$$libinit$$00000006  c_w.l(libinit2.o)
    0x080001ea   0x00000000   Code   RO          553    .ARM.Collect$$libinit$$00000008  c_w.l(libinit2.o)
    0x080001ea   0x00000000   Code   RO          555    .ARM.Collect$$libinit$$0000000A  c_w.l(libinit2.o)
    0x080001ea   0x00000000   Code   RO          558    .ARM.Collect$$libinit$$0000000D  c_w.l(libinit2.o)
    0x080001ea   0x00000000   Code   RO          560    .ARM.Collect$$libinit$$0000000F  c_w.l(libinit2.o)
    0x080001ea   0x00000000   Code   RO          562    .ARM.Collect$$libinit$$00000011  c_w.l(libinit2.o)
    0x080001ea   0x00000000   Code   RO          564    .ARM.Collect$$libinit$$00000013  c_w.l(libinit2.o)
    0x080001ea   0x00000000   Code   RO          566    .ARM.Collect$$libinit$$00000015  c_w.l(libinit2.o)
    0x080001ea   0x00000000   Code   RO          568    .ARM.Collect$$libinit$$00000017  c_w.l(libinit2.o)
    0x080001ea   0x00000000   Code   RO          570    .ARM.Collect$$libinit$$00000019  c_w.l(libinit2.o)
    0x080001ea   0x00000000   Code   RO          572    .ARM.Collect$$libinit$$0000001B  c_w.l(libinit2.o)
    0x080001ea   0x00000000   Code   RO          574    .ARM.Collect$$libinit$$0000001D  c_w.l(libinit2.o)
    0x080001ea   0x00000000   Code   RO          576    .ARM.Collect$$libinit$$0000001F  c_w.l(libinit2.o)
    0x080001ea   0x00000000   Code   RO          578    .ARM.Collect$$libinit$$00000021  c_w.l(libinit2.o)
    0x080001ea   0x00000000   Code   RO          582    .ARM.Collect$$libinit$$00000028  c_w.l(libinit2.o)
    0x080001ea   0x00000000   Code   RO          584    .ARM.Collect$$libinit$$0000002A  c_w.l(libinit2.o)
    0x080001ea   0x00000000   Code   RO          586    .ARM.Collect$$libinit$$0000002C  c_w.l(libinit2.o)
    0x080001ea   0x00000000   Code   RO          588    .ARM.Collect$$libinit$$0000002E  c_w.l(libinit2.o)
    0x080001ea   0x00000002   Code   RO          589    .ARM.Collect$$libinit$$0000002F  c_w.l(libinit2.o)
    0x080001ec   0x00000002   Code   RO          615    .ARM.Collect$$libshutdown$$00000000  c_w.l(libshutdown.o)
    0x080001ee   0x00000000   Code   RO          628    .ARM.Collect$$libshutdown$$00000003  c_w.l(libshutdown2.o)
    0x080001ee   0x00000000   Code   RO          631    .ARM.Collect$$libshutdown$$00000006  c_w.l(libshutdown2.o)
    0x080001ee   0x00000000   Code   RO          634    .ARM.Collect$$libshutdown$$00000009  c_w.l(libshutdown2.o)
    0x080001ee   0x00000000   Code   RO          636    .ARM.Collect$$libshutdown$$0000000B  c_w.l(libshutdown2.o)
    0x080001ee   0x00000000   Code   RO          639    .ARM.Collect$$libshutdown$$0000000E  c_w.l(libshutdown2.o)
    0x080001ee   0x00000002   Code   RO          640    .ARM.Collect$$libshutdown$$0000000F  c_w.l(libshutdown2.o)
    0x080001f0   0x00000000   Code   RO          511    .ARM.Collect$$rtentry$$00000000  c_w.l(rtentry.o)
    0x080001f0   0x00000000   Code   RO          516    .ARM.Collect$$rtentry$$00000002  c_w.l(rtentry2.o)
    0x080001f0   0x00000006   Code   RO          531    .ARM.Collect$$rtentry$$00000004  c_w.l(rtentry4.o)
    0x080001f6   0x00000000   Code   RO          518    .ARM.Collect$$rtentry$$00000009  c_w.l(rtentry2.o)
    0x080001f6   0x00000004   Code   RO          519    .ARM.Collect$$rtentry$$0000000A  c_w.l(rtentry2.o)
    0x080001fa   0x00000000   Code   RO          521    .ARM.Collect$$rtentry$$0000000C  c_w.l(rtentry2.o)
    0x080001fa   0x00000008   Code   RO          522    .ARM.Collect$$rtentry$$0000000D  c_w.l(rtentry2.o)
    0x08000202   0x00000002   Code   RO          547    .ARM.Collect$$rtexit$$00000000  c_w.l(rtexit.o)
    0x08000204   0x00000000   Code   RO          593    .ARM.Collect$$rtexit$$00000002  c_w.l(rtexit2.o)
    0x08000204   0x00000004   Code   RO          594    .ARM.Collect$$rtexit$$00000003  c_w.l(rtexit2.o)
    0x08000208   0x00000006   Code   RO          595    .ARM.Collect$$rtexit$$00000004  c_w.l(rtexit2.o)
    0x0800020e   0x00000002   PAD
    0x08000210   0x0000004c   Code   RO            4    .text               startup_stm32f10x_hd.o
    0x0800025c   0x0000001a   Code   RO           10    .text               stm32f10x_it.o
    0x08000276   0x00000002   PAD
    0x08000278   0x0000010c   Code   RO          112    .text               main.o
    0x08000384   0x00000380   Code   RO          145    .text               gt23l16u2w.o
    0x08000704   0x000003bc   Code   RO          160    .text               sst25vf040b.o
    0x08000ac0   0x00000640   Code   RO          172    .text               uart.o
    0x08001100   0x00000510   Code   RO          188    .text               ds1302.o
    0x08001610   0x00000440   Code   RO          200    .text               leddriver.o
    0x08001a50   0x000000f8   Code   RO          225    .text               misc.o
    0x08001b48   0x000005c8   Code   RO          345    .text               stm32f10x_flash.o
    0x08002110   0x00000358   Code   RO          369    .text               stm32f10x_gpio.o
    0x08002468   0x000003ac   Code   RO          417    .text               stm32f10x_rcc.o
    0x08002814   0x0000040c   Code   RO          479    .text               stm32f10x_usart.o
    0x08002c20   0x00000044   Code   RO          505    .text               c_w.l(rt_memclr.o)
    0x08002c64   0x00000006   Code   RO          507    .text               c_w.l(heapauxi.o)
    0x08002c6a   0x0000004e   Code   RO          513    .text               c_w.l(rt_memclr_w.o)
    0x08002cb8   0x0000004a   Code   RO          533    .text               c_w.l(sys_stackheap_outer.o)
    0x08002d02   0x0000000c   Code   RO          535    .text               c_w.l(exit.o)
    0x08002d0e   0x00000002   PAD
    0x08002d10   0x00000008   Code   RO          544    .text               c_w.l(libspace.o)
    0x08002d18   0x00000008   Code   RO          603    .text               c_w.l(rt_fp_status_addr_intlibspace.o)
    0x08002d20   0x0000000c   Code   RO          607    .text               c_w.l(sys_exit.o)
    0x08002d2c   0x00000002   Code   RO          618    .text               c_w.l(use_no_semi.o)
    0x08002d2e   0x0000000e   Code   RO          590    x$fpl$fpinit        fz_ws.l(fpinit.o)
    0x08002d3c   0x00000020   Data   RO          671    Region$$Table       anon$$obj.o


    Execution Region RW_IRAM1 (Base: 0x20000000, Size: 0x00001aa8, Max: 0x00005000, ABSOLUTE, COMPRESSED[0x00000c70])

    Base Addr    Size         Type   Attr      Idx    E Section Name        Object

    0x20000000   0x00001100   Data   RW          146    .data               gt23l16u2w.o
    0x20001100   0x0000000a   Data   RW          174    .data               uart.o
    0x2000110a   0x00000014   Data   RW          418    .data               stm32f10x_rcc.o
    0x2000111e   0x00000002   PAD
    0x20001120   0x00000201   Zero   RW          173    .bss                uart.o
    0x20001321   0x00000120   Zero   RW          201    .bss                leddriver.o
    0x20001441   0x00000003   PAD
    0x20001444   0x00000060   Zero   RW          545    .bss                c_w.l(libspace.o)
    0x200014a4   0x00000004   PAD
    0x200014a8   0x00000200   Zero   RW            2    HEAP                startup_stm32f10x_hd.o
    0x200016a8   0x00000400   Zero   RW            1    STACK               startup_stm32f10x_hd.o


==============================================================================

Image component sizes


      Code (inc. data)   RO Data    RW Data    ZI Data      Debug   Object Name

      1296          4          0          0          0       4037   ds1302.o
       896         44          0       4352          0       2921   gt23l16u2w.o
      1088         36          0          0        288       3749   leddriver.o
       268         44          0          0          0       2871   main.o
       248         30          0          0          0       1793   misc.o
       956         10          0          0          0       2104   sst25vf040b.o
        76         30        304          0       1536        824   startup_stm32f10x_hd.o
      1480         52          0          0          0       8190   stm32f10x_flash.o
       856         40          0          0          0       5717   stm32f10x_gpio.o
        26          0          0          0          0     239470   stm32f10x_it.o
       940         60          0         20          0       8848   stm32f10x_rcc.o
      1036         20          0          0          0       8464   stm32f10x_usart.o
      1600         64          0         10        513       4149   uart.o

    ----------------------------------------------------------------------
     10768        434        336       4384       2340     293137   Object Totals
         0          0         32          0          0          0   (incl. Generated)
         2          0          0          2          3          3   (incl. Padding)

    ----------------------------------------------------------------------

      Code (inc. data)   RO Data    RW Data    ZI Data      Debug   Library Member Name

        90          0          0          0          0          0   __dczerorl2.o
         8          0          0          0          0         68   __main.o
        52          8          0          0          0          0   __scatter.o
        28          0          0          0          0          0   __scatter_zi.o
        12          0          0          0          0         68   exit.o
         6          0          0          0          0        152   heapauxi.o
         6          0          0          0          0          0   libinit.o
         2          0          0          0          0          0   libinit2.o
         2          0          0          0          0          0   libshutdown.o
         2          0          0          0          0          0   libshutdown2.o
         8          4          0          0         96         68   libspace.o
         8          4          0          0          0         68   rt_fp_status_addr_intlibspace.o
        68          0          0          0          0         68   rt_memclr.o
        78          0          0          0          0         80   rt_memclr_w.o
         0          0          0          0          0          0   rtentry.o
        12          0          0          0          0          0   rtentry2.o
         6          0          0          0          0          0   rtentry4.o
         2          0          0          0          0          0   rtexit.o
        10          0          0          0          0          0   rtexit2.o
        12          4          0          0          0         68   sys_exit.o
        74          0          0          0          0         80   sys_stackheap_outer.o
         2          0          0          0          0         68   use_no_semi.o
        14          0          0          0          0         76   fpinit.o

    ----------------------------------------------------------------------
       508         20          0          0        100        864   Library Totals
         6          0          0          0          4          0   (incl. Padding)

    ----------------------------------------------------------------------

      Code (inc. data)   RO Data    RW Data    ZI Data      Debug   Library Name

       488         20          0          0         96        788   c_w.l
        14          0          0          0          0         76   fz_ws.l

    ----------------------------------------------------------------------
       508         20          0          0        100        864   Library Totals

    ----------------------------------------------------------------------

==============================================================================


      Code (inc. data)   RO Data    RW Data    ZI Data      Debug   

     11276        454        336       4384       2440     292340   Grand Totals
     11276        454        336       3184       2440     292340   ELF Image Totals (compressed)
     11276        454        336       3184          0          0   ROM Totals

==============================================================================

    Total RO  Size (Code + RO Data)                11612 (  11.34kB)
    Total RW  Size (RW Data + ZI Data)              6824 (   6.66kB)
    Total ROM Size (Code + RO Data + RW Data)      14796 (  14.45kB)

==============================================================================

